[backblue.gif]
[fade.gif]
[index.html]
[www.vilagradwines.co.nz/UserFiles/VilagradWines/favicon.ico]
[www.vilagradwines.co.nz/themes/vilagradwines/images/facebook.png]
[www.vilagradwines.co.nz/themes/vilagradwines/images/youtube.png]
[www.vilagradwines.co.nz/themes/vilagradwines/images/logo.png]
[www.vilagradwines.co.nz/UserFiles/VilagradWines/NivoSlider/97/slide01_1_2.jpg]
[www.vilagradwines.co.nz/UserFiles/VilagradWines/NivoSlider/97/generated/slide01_1_2_thumb.jpg]
[www.vilagradwines.co.nz/UserFiles/VilagradWines/NivoSlider/97/homebanner6_2.jpg]
[www.vilagradwines.co.nz/UserFiles/VilagradWines/NivoSlider/97/generated/homebanner6_2_thumb.jpg]
[www.vilagradwines.co.nz/UserFiles/VilagradWines/NivoSlider/97/slide03_1_1.jpg]
[www.vilagradwines.co.nz/UserFiles/VilagradWines/NivoSlider/97/generated/slide03_1_1_thumb.jpg]
[www.vilagradwines.co.nz/UserFiles/VilagradWines/NivoSlider/97/homebanner5_2.jpg]
[www.vilagradwines.co.nz/UserFiles/VilagradWines/NivoSlider/97/generated/homebanner5_2_thumb.jpg]
[www.vilagradwines.co.nz/UserFiles/VilagradWines/NivoSlider/97/homepage_banner_1.jpg]
[www.vilagradwines.co.nz/UserFiles/VilagradWines/NivoSlider/97/generated/homepage_banner_1_thumb.jpg]
[www.vilagradwines.co.nz/UserFiles/VilagradWines/Image/home-play-video.jpg]
[www.vilagradwines.co.nz/UserFiles/VilagradWines/Image/Summerivinesevents2.jpg]
[www.vilagradwines.co.nz/UserFiles/VilagradWines/Image/homewedding1.jpg]
[www.vilagradwines.co.nz/UserFiles/VilagradWines/Image/foodandwine.jpg]
[www.vilagradwines.co.nz/UserFiles/VilagradWines/Image/christimasevents.jpg]
[www.vilagradwines.co.nz/UserFiles/VilagradWines/News/generated/249_1_thumb.jpg]
[www.vilagradwines.co.nz/UserFiles/VilagradWines/Image/footer-logo.png]
[www.vilagradwines.co.nz/UserFiles/VilagradWines/Image/footer-facebook.png]
[www.vilagradwines.co.nz/UserFiles/VilagradWines/Image/location.png]
[www.vilagradwines.co.nz/bundles/jquery/index342d.html]
[www.vilagradwines.co.nz/index.html]
[www.vilagradwines.co.nz/bundles/bootstrap/index6dab.html]
[www.vilagradwines.co.nz/content/themes/base/images/ui-bg_flat_75_ffffff_40x100.png]
[www.vilagradwines.co.nz/content/themes/base/images/ui-bg_highlight-soft_75_cccccc_1x100.png]
[www.vilagradwines.co.nz/content/themes/base/images/ui-bg_glass_75_e6e6e6_1x400.png]
[www.vilagradwines.co.nz/content/themes/base/images/ui-bg_glass_75_dadada_1x400.png]
[www.vilagradwines.co.nz/content/themes/base/images/ui-bg_glass_65_ffffff_1x400.png]
[www.vilagradwines.co.nz/content/themes/base/images/ui-bg_glass_55_fbf9ee_1x400.png]
[www.vilagradwines.co.nz/content/themes/base/images/ui-bg_glass_95_fef1ec_1x400.png]
[www.vilagradwines.co.nz/content/themes/base/images/ui-icons_222222_256x240.png]
[www.vilagradwines.co.nz/content/themes/base/images/ui-icons_888888_256x240.png]
[www.vilagradwines.co.nz/content/themes/base/images/ui-icons_454545_256x240.png]
[www.vilagradwines.co.nz/content/themes/base/images/ui-icons_2e83ff_256x240.png]
[www.vilagradwines.co.nz/content/themes/base/images/ui-icons_cd0a0a_256x240.png]
[www.vilagradwines.co.nz/content/themes/base/images/ui-bg_flat_0_aaaaaa_40x100.png]
[www.vilagradwines.co.nz/content/themes/base/all-bundledd5fc.css]
[www.vilagradwines.co.nz/Images/TemplateImages/Admin/submit_btn_tile.png]
[www.vilagradwines.co.nz/Images/TemplateImages/Admin/header_bg.png]
[www.vilagradwines.co.nz/Images/TemplateImages/Admin/small-logo.png]
[www.vilagradwines.co.nz/Images/TemplateImages/Admin/logoff_btn.png]
[www.vilagradwines.co.nz/Images/TemplateImages/Admin/admin_btn.png]
[www.vilagradwines.co.nz/Images/TemplateImages/Admin/back_to_site_btn.png]
[www.vilagradwines.co.nz/Images/TemplateImages/Admin/help_guide_btn.png]
[www.vilagradwines.co.nz/Images/TemplateImages/admin_content_bg.jpg]
[www.vilagradwines.co.nz/Images/TemplateImages/Admin/edit_underlay_icon.png]
[www.vilagradwines.co.nz/Images/TemplateImages/Admin/edit_underlay_repeat.png]
[www.vilagradwines.co.nz/Images/TemplateImages/Admin/edit_underlay_text.png]
[www.vilagradwines.co.nz/Images/TemplateImages/Admin/icon_classroller.png]
[www.vilagradwines.co.nz/Images/TemplateImages/Admin/icon_trash.png]
[www.vilagradwines.co.nz/Images/TemplateImages/Modules/ContentEditor/expand_button.png]
[www.vilagradwines.co.nz/Images/TemplateImages/Modules/ContentEditor/expand_button_back.png]
[www.vilagradwines.co.nz/Scripts/nivo-slider/themes/default/bullets.png]
[www.vilagradwines.co.nz/Scripts/nivo-slider/themes/default/arrows.png]
[www.vilagradwines.co.nz/Images/TemplateImages/Modules/FlickrGallery/gallery_prev.png]
[www.vilagradwines.co.nz/Images/TemplateImages/Modules/FlickrGallery/gallery_next.png]
[www.vilagradwines.co.nz/Scripts/galleriffic-2.0/css/loader.gif]
[www.vilagradwines.co.nz/Images/TemplateImages/Modules/Assessment/AssessmentFlagGreen.png]
[www.vilagradwines.co.nz/Images/TemplateImages/Modules/Assessment/AssessmentFlagRed.png]
[www.vilagradwines.co.nz/Images/TemplateImages/Modules/Seasonal/expand_button.png]
[www.vilagradwines.co.nz/Images/TemplateImages/Modules/Seasonal/expand_button_back.png]
[www.vilagradwines.co.nz/Images/TemplateImages/Admin/search_box_icon.png]
[www.vilagradwines.co.nz/Images/TemplateImages/Admin/page_info_icon.png]
[www.vilagradwines.co.nz/Images/TemplateImages/Admin/youtube_play_grey.png]
[www.vilagradwines.co.nz/Images/TemplateImages/Admin/youtube_play_red.png]
[www.vilagradwines.co.nz/Content/AdminFrontend292a.css]
[www.vilagradwines.co.nz/Scripts/shadowbox/loading.gif]
[www.vilagradwines.co.nz/Scripts/shadowbox/close.png]
[www.vilagradwines.co.nz/Scripts/shadowbox/next.png]
[www.vilagradwines.co.nz/Scripts/shadowbox/previous.png]
[www.vilagradwines.co.nz/Scripts/shadowbox/play.png]
[www.vilagradwines.co.nz/Scripts/shadowbox/pause.png]
[www.vilagradwines.co.nz/Scripts/shadowbox/shadowbox.css]
[www.vilagradwines.co.nz/fonts/glyphicons-halflings-regular.eot]
[www.vilagradwines.co.nz/fonts/glyphicons-halflings-regulard41d.eot]
[www.vilagradwines.co.nz/fonts/glyphicons-halflings-regular.woff2]
[www.vilagradwines.co.nz/fonts/glyphicons-halflings-regular.woff]
[www.vilagradwines.co.nz/fonts/glyphicons-halflings-regular.ttf]
[www.vilagradwines.co.nz/content/bootstrap-bundled786f.css]
[www.vilagradwines.co.nz/themes/vilagradwines/images/bookings-link.png]
[www.vilagradwines.co.nz/themes/vilagradwines/images/arrow-black-right.png]
[www.vilagradwines.co.nz/themes/vilagradwines/images/truck-with-arrows.png]
[www.vilagradwines.co.nz/themes/vilagradwines/images/topnav.png]
[www.vilagradwines.co.nz/themes/vilagradwines/images/glass.png]
[www.vilagradwines.co.nz/themes/vilagradwines/images/selected.png]
[www.vilagradwines.co.nz/themes/vilagradwines/images/bookings-bg-tile.png]
[www.vilagradwines.co.nz/themes/vilagradwines/images/home.png]
[www.vilagradwines.co.nz/themes/vilagradwines/images/selected-home.png]
[www.vilagradwines.co.nz/themes/vilagradwines/images/banner-bg-2.jpg]
[www.vilagradwines.co.nz/themes/vilagradwines/images/arrow-gold-on-black-right.png]
[www.vilagradwines.co.nz/themes/vilagradwines/images/corner-no-arrow.png]
[www.vilagradwines.co.nz/themes/vilagradwines/images/corner2.png]
[www.vilagradwines.co.nz/themes/vilagradwines/images/photo-gallery.jpg]
[www.vilagradwines.co.nz/themes/vilagradwines/images/accommodation.jpg]
[www.vilagradwines.co.nz/themes/vilagradwines/images/title-bar.png]
[www.vilagradwines.co.nz/themes/vilagradwines/images/submit.png]
[www.vilagradwines.co.nz/themes/vilagradwines/images/award-ribbon.png]
[www.vilagradwines.co.nz/themes/vilagradwines/images/footer-main.png]
[www.vilagradwines.co.nz/themes/vilagradwines/images/footer-bottom.png]
[www.vilagradwines.co.nz/themes/vilagradwines/images/signup.png]
[www.vilagradwines.co.nz/themes/vilagradwines/images/corner-semi-transparent.png]
[www.vilagradwines.co.nz/themes/vilagradwines/images/corner.png]
[www.vilagradwines.co.nz/themes/vilagradwines/images/arrow-black-left.png]
[www.vilagradwines.co.nz/themes/vilagradwines/images/age-confirm-bg.jpg]
[www.vilagradwines.co.nz/themes/VilagradWines/content/site292a.css]
[www.googletagmanager.com/gtm5445.html]
[www.vilagradwines.co.nz/UserFiles/VilagradWines/NivoSlider/131/ourwinesbanner_1.jpg]
[www.vilagradwines.co.nz/UserFiles/VilagradWines/Image/sparkling_charrminer_vilagrad.jpg]
[www.vilagradwines.co.nz/UserFiles/VilagradWines/Image/chardonnay_pinot_noir_vilagrad.jpg]
[www.vilagradwines.co.nz/UserFiles/VilagradWines/Image/charminer_transparent_vilagrad.jpg]
[www.vilagradwines.co.nz/UserFiles/VilagradWines/Image/VilagradPinotGris2014small.jpg]
[www.vilagradwines.co.nz/UserFiles/VilagradWines/Image/Cab-Merlot-Small(1).jpg]
[www.vilagradwines.co.nz/UserFiles/VilagradWines/Image/MtPirongiaPinotNoir-Small.jpg]
[www.vilagradwines.co.nz/UserFiles/VilagradWines/Image/marlborough_3_brothers.jpg]
[www.vilagradwines.co.nz/UserFiles/VilagradWines/Image/Gisborne-Gewurtztraminer-small.jpg]
[www.vilagradwines.co.nz/UserFiles/VilagradWines/Image/gisborne_chardonnay_3_brothers.jpg]
[www.vilagradwines.co.nz/UserFiles/VilagradWines/Image/3-brothers-central-otago-pinot-small.jpg]
[www.vilagradwines.co.nz/UserFiles/VilagradWines/Image/vintage_port_vilagrad.jpg]
[www.vilagradwines.co.nz/UserFiles/VilagradWines/Image/Tawny_port_Vilagrad.jpg]
[www.vilagradwines.co.nz/UserFiles/VilagradWines/Image/vilagrad_1_Bottle_wine_wrapper1.jpg]
[www.vilagradwines.co.nz/UserFiles/VilagradWines/Image/vilagrad_one_Bottle_wine_gift_box.jpg]
[www.vilagradwines.co.nz/UserFiles/VilagradWines/Image/vilagrad_two_Bottle_wine_gift_box.jpg]
[www.vilagradwines.co.nz/UserFiles/VilagradWines/Image/vilagrad_three_Bottle_wine_gift_box.jpg]
[www.vilagradwines.co.nz/UserFiles/VilagradWines/Image/voucher-thumb.jpg]
[www.vilagradwines.co.nz/our-wines/index.html]
[www.vilagradwines.co.nz/UserFiles/VilagradWines/NivoSlider/206/complimentarybanner_1.jpg]
[www.vilagradwines.co.nz/UserFiles/VilagradWines/NivoSlider/206/generated/complimentarybanner_1_thumb.jpg]
[www.vilagradwines.co.nz/UserFiles/VilagradWines/Image/sandaylunch_videogallery(1).jpg]
[www.vilagradwines.co.nz/UserFiles/VilagradWines/Image/weeding_videogallery.jpg]
[www.vilagradwines.co.nz/UserFiles/VilagradWines/Image/accommodation_videogallery.jpg]
[www.vilagradwines.co.nz/UserFiles/VilagradWines/Image/winetours_videogallery.jpg]
[www.vilagradwines.co.nz/UserFiles/VilagradWines/Image/barrelroom_videogallery.jpg]
[www.vilagradwines.co.nz/UserFiles/VilagradWines/Image/seeallthatwedo.jpg]
[www.vilagradwines.co.nz/media/video-gallery/index.html]
[www.vilagradwines.co.nz/UserFiles/VilagradWines/NivoSlider/170/complimentarybanner_1.jpg]
[www.vilagradwines.co.nz/UserFiles/VilagradWines/Image/gallerythumbnail1(1).jpg]
[www.vilagradwines.co.nz/UserFiles/VilagradWines/Image/gallerythumbnail2(1).jpg]
[www.vilagradwines.co.nz/UserFiles/VilagradWines/Image/accommodation.jpg]
[www.vilagradwines.co.nz/UserFiles/VilagradWines/Image/winery-vinyard.jpg]
[www.vilagradwines.co.nz/UserFiles/VilagradWines/Image/gallerysmalbanner2(1).jpg]
[www.vilagradwines.co.nz/UserFiles/VilagradWines/Image/harvest-festival(1).jpg]
[www.vilagradwines.co.nz/media/photo-gallery/index.html]
[www.vilagradwines.co.nz/UserFiles/VilagradWines/NivoSlider/99/slide03_1.jpg]
[www.vilagradwines.co.nz/UserFiles/VilagradWines/NivoSlider/99/generated/slide03_1_thumb.jpg]
[www.vilagradwines.co.nz/UserFiles/VilagradWines/Image/sunday-lunch.jpg]
[www.vilagradwines.co.nz/UserFiles/VilagradWines/Image/weddings-thumb-2-vilagradwines.jpg]
[www.vilagradwines.co.nz/UserFiles/VilagradWines/Image/accommodation-thumb-2-vilagradwines.jpg]
[www.vilagradwines.co.nz/UserFiles/VilagradWines/Image/christimasdinnerbookings.jpg]
[www.vilagradwines.co.nz/UserFiles/VilagradWines/Image/tourandtastebookings2.jpg]
[www.vilagradwines.co.nz/UserFiles/VilagradWines/Image/corporate-function.jpg]
[www.vilagradwines.co.nz/UserFiles/VilagradWines/Image/live-entertainment-thumb2-vilagradwines.jpg]
[www.vilagradwines.co.nz/bookings/index.html]
[www.vilagradwines.co.nz/UserFiles/VilagradWines/NivoSlider/173/sundaylunchbanner2_2.jpg]
[www.vilagradwines.co.nz/UserFiles/VilagradWines/File/Sunday lunch A4 lowres.pdf]
[www.vilagradwines.co.nz/UserFiles/VilagradWines/Image/PlayVideoSundayLunch.jpg]
[www.vilagradwines.co.nz/UserFiles/VilagradWines/Image/mains.jpg]
[www.vilagradwines.co.nz/UserFiles/VilagradWines/Image/salads.jpg]
[www.vilagradwines.co.nz/UserFiles/VilagradWines/Image/dessert.jpg]
[www.vilagradwines.co.nz/UserFiles/VilagradWines/Image/wines.jpg]
[www.vilagradwines.co.nz/sunday-lunch/index.html]
[www.vilagradwines.co.nz/UserFiles/VilagradWines/Image/wine lists website.jpg]
[www.vilagradwines.co.nz/UserFiles/VilagradWines/NivoSlider/100/weddingbanner2_4.jpg]
[www.vilagradwines.co.nz/UserFiles/VilagradWines/File/Wedding brochure 2017 - 2018(1).pdf]
[www.vilagradwines.co.nz/UserFiles/VilagradWines/Image/PlayVideo.jpg]
[www.vilagradwines.co.nz/UserFiles/VilagradWines/File/Wedding brochure 2015 - 2016 email.pdf]
[www.vilagradwines.co.nz/UserFiles/VilagradWines/Image/wedding1(3).jpg]
[www.vilagradwines.co.nz/weddings/index.html]
[www.vilagradwines.co.nz/UserFiles/VilagradWines/NivoSlider/112/livebanner_2.jpg]
[www.vilagradwines.co.nz/UserFiles/VilagradWines/Image/weddings-thumb-vilagradwines.jpg]
[www.vilagradwines.co.nz/UserFiles/VilagradWines/Image/accommodation-thumb-vilagradwines.jpg]
[www.vilagradwines.co.nz/UserFiles/VilagradWines/Image/privatesevents.jpg]
[www.vilagradwines.co.nz/UserFiles/VilagradWines/Image/barrelroomevents.jpg]
[www.vilagradwines.co.nz/UserFiles/VilagradWines/Image/liveevents.jpg]
[www.vilagradwines.co.nz/functions/index.html]
[www.vilagradwines.co.nz/UserFiles/VilagradWines/NivoSlider/132/accomodationbanner_1.jpg]
[www.vilagradwines.co.nz/UserFiles/VilagradWines/NivoSlider/132/generated/accomodationbanner_1_thumb.jpg]
[www.vilagradwines.co.nz/UserFiles/VilagradWines/Image/accommodationdeluxe.jpg]
[www.vilagradwines.co.nz/UserFiles/VilagradWines/Image/accommodationmaster.jpg]
[www.vilagradwines.co.nz/UserFiles/VilagradWines/Image/accommodationapartment.jpg]
[www.vilagradwines.co.nz/UserFiles/VilagradWines/Image/accommodationhouse.jpg]
[www.vilagradwines.co.nz/accommodation/index.html]
[www.vilagradwines.co.nz/UserFiles/VilagradWines/NivoSlider/168/newsbanner_1.jpg]
[www.vilagradwines.co.nz/media/news/index.html]
[www.vilagradwines.co.nz/UserFiles/VilagradWines/NivoSlider/211/media slider_1.jpg]
[www.vilagradwines.co.nz/UserFiles/VilagradWines/File/Vilagrad Media Kit.zip]
[www.vilagradwines.co.nz/media/media-kit/index.html]
[www.vilagradwines.co.nz/UserFiles/VilagradWines/NivoSlider/98/slide02_1.jpg]
[www.vilagradwines.co.nz/UserFiles/VilagradWines/NivoSlider/98/generated/slide02_1_thumb.jpg]
[www.vilagradwines.co.nz/UserFiles/VilagradWines/Image/aboutimage1.jpg]
[www.vilagradwines.co.nz/UserFiles/VilagradWines/Image/sunday-lunches.jpg]
[www.vilagradwines.co.nz/UserFiles/VilagradWines/Image/homevalentines2.jpg]
[www.vilagradwines.co.nz/UserFiles/VilagradWines/Image/tourandtastevents.jpg]
[www.vilagradwines.co.nz/about/index.html]
[www.vilagradwines.co.nz/UserFiles/VilagradWines/NivoSlider/102/banner3_1.jpg]
[www.vilagradwines.co.nz/UserFiles/VilagradWines/NivoSlider/102/generated/banner3_1_thumb.jpg]
[www.vilagradwines.co.nz/UserFiles/VilagradWines/Image/ourhistory1.jpg]
[www.vilagradwines.co.nz/UserFiles/VilagradWines/Image/ourhistory3.jpg]
[www.vilagradwines.co.nz/about/our-history/index.html]
[www.vilagradwines.co.nz/UserFiles/VilagradWines/NivoSlider/187/banner3_1.jpg]
[www.vilagradwines.co.nz/UserFiles/VilagradWines/File/FloorPlanRestaurant_v3.pdf]
[www.vilagradwines.co.nz/UserFiles/VilagradWines/Image/psdolanfloorrestaurante.jpg]
[www.vilagradwines.co.nz/UserFiles/VilagradWines/File/FloorPlanAccommodation_v3.pdf]
[www.vilagradwines.co.nz/UserFiles/VilagradWines/Image/accommodation_plannflor2.jpg]
[www.vilagradwines.co.nz/about/venue-site-map/index.html]
[www.vilagradwines.co.nz/UserFiles/VilagradWines/NivoSlider/171/tourtastebanner_1.jpg]
[www.vilagradwines.co.nz/Images/TemplateImages/Admin/ajax_loading.gif]
[malsup.github.io/jquery.form.js]
[www.vilagradwines.co.nz/about/job-vacancies/index.html]
[www.vilagradwines.co.nz/UserFiles/VilagradWines/NivoSlider/148/contactbanner_1.jpg]
[www.vilagradwines.co.nz/contact/index.html]
[www.vilagradwines.co.nz/UserFiles/VilagradWines/NivoSlider/129/tourtastebanner_1.jpg]
[www.vilagradwines.co.nz/UserFiles/VilagradWines/File/Tour and tastings 2015.pdf]
[www.vilagradwines.co.nz/UserFiles/VilagradWines/Image/PlayVideoWineTours.jpg]
[www.vilagradwines.co.nz/functions/tours--tastings/index.html]
[www.vilagradwines.co.nz/UserFiles/VilagradWines/NivoSlider/199/sundaylunchbanner2_1.jpg]
[www.vilagradwines.co.nz/Images/calendaronly.gif]
[www.vilagradwines.co.nz/UserFiles/VilagradWines/Image/vilagrad_booknow_sundaylunch(2).jpg]
[www.vilagradwines.co.nz/bookings/booksundaylunch/index.html]
[www.vilagradwines.co.nz/UserFiles/VilagradWines/NivoSlider/195/christimasbanner_1.jpg]
[www.vilagradwines.co.nz/UserFiles/VilagradWines/File/Christmas brochure 2017.pdf]
[www.vilagradwines.co.nz/UserFiles/VilagradWines/Image/foodandwine1.jpg]
[www.vilagradwines.co.nz/functions/vilagrad-dinner-xmas-parties-/index.html]
[www.vilagradwines.co.nz/UserFiles/VilagradWines/NivoSlider/125/christimaspartybanner2_3.jpg]
[www.vilagradwines.co.nz/UserFiles/VilagradWines/NivoSlider/125/generated/christimaspartybanner2_3_thumb.jpg]
[www.vilagradwines.co.nz/UserFiles/VilagradWines/File/Christmas brochure 2017(1).pdf]
[www.vilagradwines.co.nz/UserFiles/VilagradWines/Image/1601439_10152894750256718_8825149380265393762_n.jpg]
[www.vilagradwines.co.nz/functions/vilagrad-lunch-xmas-parties-/index.html]
[www.vilagradwines.co.nz/CDF_ModuleNews/Display/Details/25597ac.html]
[www.vilagradwines.co.nz/UserFiles/VilagradWines/News/generated/249_1_midsize.jpg]
[www.vilagradwines.co.nz/CDF_ModuleNews/Display/Details/24997ac.html]
[www.vilagradwines.co.nz/UserFiles/VilagradWines/NivoSlider/245/tourtastingsubmitbanner_1.jpg]
[www.vilagradwines.co.nz/UserFiles/VilagradWines/Image/vilagrad_booknow_winetours(1).jpg]
[www.vilagradwines.co.nz/signup-newsletter/index.html]
[www.vilagradwines.co.nz/UserFiles/VilagradWines/NivoSlider/245/generated/tourtastingsubmitbanner_1_thumb.fc.delaye]
[www.vilagradwines.co.nz/UserFiles/VilagradWines/NivoSlider/217/slide02_1_1.jpg]
[www.vilagradwines.co.nz/UserFiles/VilagradWines/NivoSlider/217/generated/slide02_1_1_thumb.jpg]
[www.vilagradwines.co.nz/about/terms-of-service/index.html]
[www.vilagradwines.co.nz/UserFiles/VilagradWines/NivoSlider/216/slide02_1_1.jpg]
[www.vilagradwines.co.nz/UserFiles/VilagradWines/NivoSlider/216/generated/slide02_1_1_thumb.jpg]
[www.vilagradwines.co.nz/about/privacy-policy/index.html]
[www.vilagradwines.co.nz/Scripts/jquery.watermark/jquery.watermark.min.js]
[www.vilagradwines.co.nz/Scripts/shadowbox/shadowbox.js]
[www.vilagradwines.co.nz/Scripts/nivo-slider/jquery.nivo.slider.pack.js]
[www.vilagradwines.co.nz/Scripts/nivo-slider/nivo-slider.css]
[www.vilagradwines.co.nz/Scripts/bxslider/jquery.bxslider.min.js]
[www.vilagradwines.co.nz/Scripts/bxslider/images/bx_loader.gif]
[www.vilagradwines.co.nz/Scripts/bxslider/images/controls.png]
[www.vilagradwines.co.nz/Scripts/bxslider/jquery.bxslider.css]
[www.vilagradwines.co.nz/themes/VilagradWines/scripts/jquery.custom292a.js]
[www.vilagradwines.co.nz/fonts/glyphicons-halflings-regular.svg]
[www.vilagradwines.co.nz/themes/vilagradwines/images/arrow-down.html]
[www.vilagradwines.co.nz/themes/vilagradwines/images/arrow-up.html]
[www.vilagradwines.co.nz/Content/bootstrap.css]
[www.vilagradwines.co.nz/UserFiles/VilagradWines/NivoSlider/167/ourwinesbanner_1.jpg]
[www.vilagradwines.co.nz/our-wines/our-stockists/index.html]
[www.vilagradwines.co.nz/UserFiles/VilagradWines/NivoSlider/180/ourwinesbanner_1.jpg]
[www.vilagradwines.co.nz/UserFiles/VilagradWines/Image/sparkling_charrminer_2_vilagrad.jpg]
[www.vilagradwines.co.nz/themes/vilagradwines/images/map-north-island.png]
[www.vilagradwines.co.nz/our-wines/vilagrad-sparkling-charminer/index.html]
[www.vilagradwines.co.nz/themes/vilagradwines/images/map-south-island.png]
[www.vilagradwines.co.nz/UserFiles/VilagradWines/NivoSlider/175/ourwinesbanner_1.jpg]
[www.vilagradwines.co.nz/UserFiles/VilagradWines/Image/chardonnay_pinot_noir_2_vilagrad.jpg]
[www.vilagradwines.co.nz/our-wines/vilagrad-chardonnay-pinot-noir/index.html]
[www.vilagradwines.co.nz/UserFiles/VilagradWines/NivoSlider/176/ourwinesbanner_1.jpg]
[www.vilagradwines.co.nz/UserFiles/VilagradWines/Image/charminer_transparent_2_vilagrad.jpg]
[www.vilagradwines.co.nz/our-wines/vilagrad-charminer/index.html]
[www.vilagradwines.co.nz/UserFiles/VilagradWines/NivoSlider/213/ourwinesbanner_1_1.jpg]
[www.vilagradwines.co.nz/UserFiles/VilagradWines/NivoSlider/213/generated/ourwinesbanner_1_1_thumb.jpg]
[www.vilagradwines.co.nz/UserFiles/VilagradWines/Image/VilagradPinotGris2014.jpg]
[www.vilagradwines.co.nz/our-wines/vilagrad-pinot-gris-2015/index.html]
[www.vilagradwines.co.nz/UserFiles/VilagradWines/NivoSlider/181/ourwinesbanner_1.jpg]
[www.vilagradwines.co.nz/UserFiles/VilagradWines/Image/Cab-Merlot-large.jpg]
[www.vilagradwines.co.nz/our-wines/vilagrad-cabernet-merlot/index.html]
[www.vilagradwines.co.nz/UserFiles/VilagradWines/NivoSlider/214/ourwinesbanner_1_1.jpg]
[www.vilagradwines.co.nz/UserFiles/VilagradWines/NivoSlider/214/generated/ourwinesbanner_1_1_thumb.jpg]
[www.vilagradwines.co.nz/UserFiles/VilagradWines/Image/MtPirongiaPinotNoir.jpg]
[www.vilagradwines.co.nz/our-wines/vilagrad-mt-pirongia-pinot-noir-2014/index.html]
[www.vilagradwines.co.nz/UserFiles/VilagradWines/NivoSlider/178/ourwinesbanner_1.jpg]
[www.vilagradwines.co.nz/UserFiles/VilagradWines/Image/marlborough_2_3_brothers.jpg]
[www.vilagradwines.co.nz/our-wines/3-brothers-sauvignon-blanc/index.html]
[www.vilagradwines.co.nz/UserFiles/VilagradWines/NivoSlider/212/ourwinesbanner_1_1.jpg]
[www.vilagradwines.co.nz/UserFiles/VilagradWines/NivoSlider/212/generated/ourwinesbanner_1_1_thumb.jpg]
[www.vilagradwines.co.nz/UserFiles/VilagradWines/Image/Gisborne-Gewurtztraminer.jpg]
[www.vilagradwines.co.nz/our-wines/3-brothers-gisborne-gewurztraminer-2013/index.html]
[www.vilagradwines.co.nz/UserFiles/VilagradWines/NivoSlider/177/ourwinesbanner_1.jpg]
[www.vilagradwines.co.nz/UserFiles/VilagradWines/Image/gisborne_chardonnay_2_3_brothers.jpg]
[www.vilagradwines.co.nz/our-wines/3-brothers-chardonnay/index.html]
[www.vilagradwines.co.nz/UserFiles/VilagradWines/NivoSlider/186/ourwinesbanner_1.jpg]
[www.vilagradwines.co.nz/UserFiles/VilagradWines/Image/3-brothers-central-otago-pinot.jpg]
[www.vilagradwines.co.nz/our-wines/3-brothers-central-otago-pinot-noir/index.html]
[www.vilagradwines.co.nz/UserFiles/VilagradWines/NivoSlider/185/ourwinesbanner_1.jpg]
[www.vilagradwines.co.nz/UserFiles/VilagradWines/Image/vintage_port_2_vilagrad.jpg]
[www.vilagradwines.co.nz/our-wines/vilagrad-vintage-port/index.html]
[www.vilagradwines.co.nz/UserFiles/VilagradWines/NivoSlider/182/ourwinesbanner_1.jpg]
[www.vilagradwines.co.nz/UserFiles/VilagradWines/Image/Tawny_port_2_Vilagrad.jpg]
[www.vilagradwines.co.nz/our-wines/vilagrad-tawny-port/index.html]
[www.vilagradwines.co.nz/UserFiles/VilagradWines/NivoSlider/224/ourwinesbanner_1.jpg]
[www.vilagradwines.co.nz/UserFiles/VilagradWines/Image/vilagrad_1_Bottle_wine_wrapper.jpg]
[www.vilagradwines.co.nz/our-wines/gift-wrapping/index.html]
[www.vilagradwines.co.nz/UserFiles/VilagradWines/NivoSlider/220/ourwinesbanner_1.jpg]
[www.vilagradwines.co.nz/UserFiles/VilagradWines/NivoSlider/220/generated/ourwinesbanner_1_thumb.jpg]
[www.vilagradwines.co.nz/UserFiles/VilagradWines/Image/vilagrad_one_Bottle_wine_gift_box2.jpg]
[www.vilagradwines.co.nz/our-wines/one-bottle-gift-box/index.html]
[www.vilagradwines.co.nz/UserFiles/VilagradWines/NivoSlider/221/ourwinesbanner_1.jpg]
[www.vilagradwines.co.nz/UserFiles/VilagradWines/NivoSlider/221/generated/ourwinesbanner_1_thumb.jpg]
[www.vilagradwines.co.nz/UserFiles/VilagradWines/Image/vilagrad_two_Bottle_wine_gift_box2.jpg]
[www.vilagradwines.co.nz/our-wines/two-pack-wine-gift-box/index.html]
[www.vilagradwines.co.nz/UserFiles/VilagradWines/NivoSlider/222/ourwinesbanner_1.jpg]
[www.vilagradwines.co.nz/UserFiles/VilagradWines/NivoSlider/222/generated/ourwinesbanner_1_thumb.jpg]
[www.vilagradwines.co.nz/UserFiles/VilagradWines/Image/vilagrad_three_Bottle_wine_gift_box2.jpg]
[www.vilagradwines.co.nz/our-wines/hree-pack-wine-gift-box/index.html]
[www.vilagradwines.co.nz/UserFiles/VilagradWines/NivoSlider/251/shop-banner_1.jpg]
[www.vilagradwines.co.nz/UserFiles/VilagradWines/Image/voucher-main-image-2.jpg]
[www.vilagradwines.co.nz/our-wines/sunday-lunch-voucher-2-adults/index.html]
[www.vilagradwines.co.nz/UserFiles/VilagradWines/NivoSlider/252/shop-banner_1.jpg]
[www.vilagradwines.co.nz/our-wines/sunday-lunch-voucher-4-adults/index.html]
[www.vilagradwines.co.nz/UserFiles/VilagradWines/NivoSlider/253/shop-banner_1.jpg]
[www.vilagradwines.co.nz/our-wines/vilagrad-20-gift-voucher/index.html]
[www.vilagradwines.co.nz/UserFiles/VilagradWines/NivoSlider/254/shop-banner_1.jpg]
[www.vilagradwines.co.nz/our-wines/vilagrad-50-gift-voucher/index.html]
[www.vilagradwines.co.nz/UserFiles/VilagradWines/NivoSlider/255/shop-banner_1.jpg]
[www.vilagradwines.co.nz/our-wines/vilagrad-75-gift-voucher/index.html]
[www.vilagradwines.co.nz/UserFiles/VilagradWines/NivoSlider/256/shop-banner_1.jpg]
[www.vilagradwines.co.nz/our-wines/vilagrad-100-gift-voucher/index.html]
[www.vilagradwines.co.nz/UserFiles/VilagradWines/NivoSlider/257/shop-banner_1.jpg]
[www.vilagradwines.co.nz/our-wines/vilagrad-150-gift-voucher/index.html]
[www.vilagradwines.co.nz/UserFiles/VilagradWines/NivoSlider/258/shop-banner_1.jpg]
[www.vilagradwines.co.nz/our-wines/vilagrad-200-gift-voucher/index.html]
[www.vilagradwines.co.nz/news--gallery/photo-gallery/index.html]
[www.vilagradwines.co.nz/Scripts/isotope/jquery.isotope.min.js]
[www.vilagradwines.co.nz/themes/vilagradwines/scripts/jquery.cookie.js]
[www.vilagradwines.co.nz/media/index.html]
[www.vilagradwines.co.nz/UserFiles/VilagradWines/NivoSlider/188/sundaylunchbanner2_1.jpg]
[www.vilagradwines.co.nz/UserFiles/VilagradWines/Image/Sunday Lunch/Generated/TW_Vilagrad-018_midsize.jpg]
[www.vilagradwines.co.nz/UserFiles/VilagradWines/Image/Sunday Lunch/Generated/sunday_lunch_gallery_1_midsize.15f.de]
[www.vilagradwines.co.nz/UserFiles/VilagradWines/Image/Sunday Lunch/Generated/Untitled-2_midsize.jpg]
[www.vilagradwines.co.nz/UserFiles/VilagradWines/Image/Sunday Lunch/Generated/sunday_lunch_gallery_2_midsize.160.de]
[www.vilagradwines.co.nz/UserFiles/VilagradWines/Image/Sunday Lunch/Generated/TW_Vilagrad-050_midsize.jpg]
[www.vilagradwines.co.nz/UserFiles/VilagradWines/Image/Sunday Lunch/Generated/sunday_lunch_gallery_24_midsize.161.d]
[www.vilagradwines.co.nz/UserFiles/VilagradWines/Image/Sunday Lunch/Generated/sunday_lunch_gallery_3_midsize.162.de]
[www.vilagradwines.co.nz/UserFiles/VilagradWines/Image/Sunday Lunch/Generated/Untitled-23_midsize.jpg]
[www.vilagradwines.co.nz/UserFiles/VilagradWines/Image/Sunday Lunch/Generated/sunday_lunch_gallery_7_midsize.163.de]
[www.vilagradwines.co.nz/UserFiles/VilagradWines/Image/Sunday Lunch/Generated/TW_Vilagrad-021_midsize.jpg]
[www.vilagradwines.co.nz/UserFiles/VilagradWines/Image/Sunday Lunch/Generated/sunday_lunch_gallery_22_midsize.164.d]
[www.vilagradwines.co.nz/UserFiles/VilagradWines/Image/Sunday Lunch/Generated/Untitled-27_midsize.jpg]
[www.vilagradwines.co.nz/UserFiles/VilagradWines/Image/Sunday Lunch/Generated/sunday_lunch_gallery_8_midsize.166.de]
[www.vilagradwines.co.nz/UserFiles/VilagradWines/Image/Sunday Lunch/Generated/insidee_midsize.jpg]
[www.vilagradwines.co.nz/UserFiles/VilagradWines/Image/Sunday Lunch/Generated/sunday_lunch_gallery_9_midsize.167.de]
[www.vilagradwines.co.nz/UserFiles/VilagradWines/Image/Sunday Lunch/Generated/TW_Vilagrad-018_thumb.jpg]
[www.vilagradwines.co.nz/UserFiles/VilagradWines/Image/Sunday Lunch/Generated/sunday_lunch_gallery_10_midsize.168.d]
[www.vilagradwines.co.nz/UserFiles/VilagradWines/Image/Sunday Lunch/Generated/Untitled-2_thumb.jpg]
[www.vilagradwines.co.nz/UserFiles/VilagradWines/Image/Sunday Lunch/Generated/sunday_lunch_gallery_11_midsize.169.d]
[www.vilagradwines.co.nz/UserFiles/VilagradWines/Image/Sunday Lunch/Generated/TW_Vilagrad-050_thumb.jpg]
[www.vilagradwines.co.nz/UserFiles/VilagradWines/Image/Sunday Lunch/Generated/sunday_lunch_gallery_13_midsize.16b.d]
[www.vilagradwines.co.nz/UserFiles/VilagradWines/Image/Sunday Lunch/Generated/sunday_lunch_gallery_12_midsize.16a.d]
[www.vilagradwines.co.nz/UserFiles/VilagradWines/Image/Sunday Lunch/Generated/Untitled-23_thumb.jpg]
[www.vilagradwines.co.nz/UserFiles/VilagradWines/Image/Sunday Lunch/Generated/sunday_lunch_gallery_15_midsize.16c.d]
[www.vilagradwines.co.nz/UserFiles/VilagradWines/Image/Sunday Lunch/Generated/TW_Vilagrad-021_thumb.jpg]
[www.vilagradwines.co.nz/UserFiles/VilagradWines/Image/Sunday Lunch/Generated/sunday_lunch_gallery_16_midsize.16e.d]
[www.vilagradwines.co.nz/UserFiles/VilagradWines/Image/Sunday Lunch/Generated/Untitled-27_thumb.jpg]
[www.vilagradwines.co.nz/UserFiles/VilagradWines/Image/Sunday Lunch/Generated/sunday_lunch_gallery_18_midsize.170.d]
[www.vilagradwines.co.nz/UserFiles/VilagradWines/Image/Sunday Lunch/Generated/insidee_thumb.jpg]
[www.vilagradwines.co.nz/media/sunday-lunch-gallery/index.html]
[www.vilagradwines.co.nz/UserFiles/VilagradWines/Image/Sunday Lunch/Generated/sunday_lunch_gallery_19_midsize.173.d]
[www.vilagradwines.co.nz/UserFiles/VilagradWines/Image/Sunday Lunch/Generated/sunday_lunch_gallery_20_midsize.174.d]
[www.vilagradwines.co.nz/UserFiles/VilagradWines/Image/Sunday Lunch/Generated/sunday_lunch_gallery_21_midsize.175.d]
[www.vilagradwines.co.nz/UserFiles/VilagradWines/Image/Sunday Lunch/Generated/sunday_lunch_gallery_23_midsize.176.d]
[www.vilagradwines.co.nz/UserFiles/VilagradWines/Image/Sunday Lunch/Generated/resized web sunday lunch_midsize.177]
[www.vilagradwines.co.nz/UserFiles/VilagradWines/NivoSlider/189/thankyoubanner_1.jpg]
[www.vilagradwines.co.nz/UserFiles/VilagradWines/Image/Sunday Lunch/Generated/sunday_lunch_gallery_1_thumb.17a.dela]
[www.vilagradwines.co.nz/UserFiles/VilagradWines/Image/Vilagrad Weddings/Generated/lights_midsize.jpg]
[www.vilagradwines.co.nz/UserFiles/VilagradWines/Image/Sunday Lunch/Generated/sunday_lunch_gallery_2_thumb.17b.dela]
[www.vilagradwines.co.nz/UserFiles/VilagradWines/Image/Vilagrad Weddings/Generated/--4243_midsize.jpg]
[www.vilagradwines.co.nz/UserFiles/VilagradWines/Image/Sunday Lunch/Generated/sunday_lunch_gallery_24_thumb.17c.del]
[www.vilagradwines.co.nz/UserFiles/VilagradWines/Image/Vilagrad Weddings/Generated/Bridal table_midsize.jpg]
[www.vilagradwines.co.nz/UserFiles/VilagradWines/Image/Sunday Lunch/Generated/sunday_lunch_gallery_3_thumb.17d.dela]
[www.vilagradwines.co.nz/UserFiles/VilagradWines/Image/Vilagrad Weddings/Generated/--4197_midsize.jpg]
[www.vilagradwines.co.nz/UserFiles/VilagradWines/Image/Sunday Lunch/Generated/sunday_lunch_gallery_7_thumb.17e.dela]
[www.vilagradwines.co.nz/UserFiles/VilagradWines/Image/Vilagrad Weddings/Generated/maya_midsize.jpg]
[www.vilagradwines.co.nz/UserFiles/VilagradWines/Image/Sunday Lunch/Generated/sunday_lunch_gallery_22_thumb.17f.del]
[www.vilagradwines.co.nz/UserFiles/VilagradWines/Image/Vilagrad Weddings/Generated/--738_midsize.jpg]
[www.vilagradwines.co.nz/UserFiles/VilagradWines/Image/Sunday Lunch/Generated/sunday_lunch_gallery_8_thumb.181.dela]
[www.vilagradwines.co.nz/UserFiles/VilagradWines/Image/Vilagrad Weddings/Generated/whole group_midsize.jpg]
[www.vilagradwines.co.nz/UserFiles/VilagradWines/Image/Sunday Lunch/Generated/sunday_lunch_gallery_9_thumb.182.dela]
[www.vilagradwines.co.nz/UserFiles/VilagradWines/Image/Vilagrad Weddings/Generated/table_midsize.jpg]
[www.vilagradwines.co.nz/UserFiles/VilagradWines/Image/Sunday Lunch/Generated/sunday_lunch_gallery_10_thumb.183.del]
[www.vilagradwines.co.nz/UserFiles/VilagradWines/Image/Vilagrad Weddings/Generated/burnt_midsize.jpg]
[www.vilagradwines.co.nz/UserFiles/VilagradWines/Image/Sunday Lunch/Generated/sunday_lunch_gallery_11_thumb.184.del]
[www.vilagradwines.co.nz/UserFiles/VilagradWines/Image/Vilagrad Weddings/Generated/--4356_midsize.jpg]
[www.vilagradwines.co.nz/UserFiles/VilagradWines/Image/Sunday Lunch/Generated/sunday_lunch_gallery_12_thumb.185.del]
[www.vilagradwines.co.nz/UserFiles/VilagradWines/Image/Vilagrad Weddings/Generated/Cheers nrs_midsize.jpg]
[www.vilagradwines.co.nz/UserFiles/VilagradWines/Image/Sunday Lunch/Generated/sunday_lunch_gallery_13_thumb.186.del]
[www.vilagradwines.co.nz/UserFiles/VilagradWines/Image/Vilagrad Weddings/Generated/Piete w-pork_midsize.jpg]
[www.vilagradwines.co.nz/UserFiles/VilagradWines/Image/Sunday Lunch/Generated/sunday_lunch_gallery_15_thumb.187.del]
[www.vilagradwines.co.nz/UserFiles/VilagradWines/Image/Vilagrad Weddings/Generated/lights_thumb.jpg]
[www.vilagradwines.co.nz/UserFiles/VilagradWines/Image/Sunday Lunch/Generated/sunday_lunch_gallery_16_thumb.189.del]
[www.vilagradwines.co.nz/UserFiles/VilagradWines/Image/Vilagrad Weddings/Generated/b and w cheers_thumb.jpg]
[www.vilagradwines.co.nz/UserFiles/VilagradWines/Image/Sunday Lunch/Generated/sunday_lunch_gallery_18_thumb.18b.del]
[www.vilagradwines.co.nz/UserFiles/VilagradWines/Image/Vilagrad Weddings/Generated/Bridal table _thumb.jpg]
[www.vilagradwines.co.nz/UserFiles/VilagradWines/Image/Sunday Lunch/Generated/sunday_lunch_gallery_19_thumb.18e.del]
[www.vilagradwines.co.nz/UserFiles/VilagradWines/Image/Vilagrad Weddings/Generated/Ceremony area_thumb.jpg]
[www.vilagradwines.co.nz/UserFiles/VilagradWines/Image/Sunday Lunch/Generated/sunday_lunch_gallery_20_thumb.18f.del]
[www.vilagradwines.co.nz/UserFiles/VilagradWines/Image/Vilagrad Weddings/Generated/--4243_thumb.jpg]
[www.vilagradwines.co.nz/UserFiles/VilagradWines/Image/Sunday Lunch/Generated/sunday_lunch_gallery_21_thumb.190.del]
[www.vilagradwines.co.nz/UserFiles/VilagradWines/Image/Vilagrad Weddings/Generated/Bridal table_thumb.jpg]
[www.vilagradwines.co.nz/UserFiles/VilagradWines/Image/Sunday Lunch/Generated/sunday_lunch_gallery_23_thumb.191.del]
[www.vilagradwines.co.nz/UserFiles/VilagradWines/Image/Sunday Lunch/Generated/resized web sunday lunch_thumb.192.de]
[www.vilagradwines.co.nz/UserFiles/VilagradWines/Image/Vilagrad Weddings/Generated/--4197_thumb.jpg]
[www.vilagradwines.co.nz/UserFiles/VilagradWines/Image/Vilagrad Weddings/Generated/wedding_gallery_1_midsize.198.de]
[www.vilagradwines.co.nz/UserFiles/VilagradWines/Image/Vilagrad Weddings/Generated/maya_thumb.jpg]
[www.vilagradwines.co.nz/UserFiles/VilagradWines/Image/Vilagrad Weddings/Generated/wedding_gallery_6_midsize.199.de]
[www.vilagradwines.co.nz/UserFiles/VilagradWines/Image/Vilagrad Weddings/Generated/--738_thumb.jpg]
[www.vilagradwines.co.nz/UserFiles/VilagradWines/Image/Vilagrad Weddings/Generated/wedding_gallery_2_midsize.19a.de]
[www.vilagradwines.co.nz/UserFiles/VilagradWines/Image/Vilagrad Weddings/Generated/whole group_thumb.jpg]
[www.vilagradwines.co.nz/UserFiles/VilagradWines/Image/Vilagrad Weddings/Generated/wedding_gallery_10_midsize.19b.d]
[www.vilagradwines.co.nz/UserFiles/VilagradWines/Image/Vilagrad Weddings/Generated/table_thumb.jpg]
[www.vilagradwines.co.nz/UserFiles/VilagradWines/Image/Vilagrad Weddings/Generated/wedding_gallery_9_midsize.19c.de]
[www.vilagradwines.co.nz/UserFiles/VilagradWines/Image/Vilagrad Weddings/Generated/Bridal table 2_thumb.jpg]
[www.vilagradwines.co.nz/UserFiles/VilagradWines/Image/Vilagrad Weddings/Generated/wedding_gallery_11_midsize.19d.d]
[www.vilagradwines.co.nz/UserFiles/VilagradWines/Image/Vilagrad Weddings/Generated/burnt_thumb.jpg]
[www.vilagradwines.co.nz/UserFiles/VilagradWines/Image/Vilagrad Weddings/Generated/wedding_gallery_13_midsize.19e.d]
[www.vilagradwines.co.nz/UserFiles/VilagradWines/Image/Vilagrad Weddings/Generated/--4356_thumb.jpg]
[www.vilagradwines.co.nz/UserFiles/VilagradWines/Image/Vilagrad Weddings/Generated/wedding_gallery_17_midsize.19f.d]
[www.vilagradwines.co.nz/UserFiles/VilagradWines/Image/Vilagrad Weddings/Generated/Cheers nrs_thumb.jpg]
[www.vilagradwines.co.nz/UserFiles/VilagradWines/Image/Vilagrad Weddings/Generated/wedding_gallery_15_midsize.1a0.d]
[www.vilagradwines.co.nz/UserFiles/VilagradWines/Image/Vilagrad Weddings/Generated/Glassware nrs_thumb.jpg]
[www.vilagradwines.co.nz/UserFiles/VilagradWines/Image/Vilagrad Weddings/Generated/wedding_gallery_19_midsize.1a1.d]
[www.vilagradwines.co.nz/UserFiles/VilagradWines/Image/Vilagrad Weddings/Generated/Cosgraves-8278_thumb.jpg]
[www.vilagradwines.co.nz/UserFiles/VilagradWines/Image/Vilagrad Weddings/Generated/wedding_gallery_21_midsize.1a2.d]
[www.vilagradwines.co.nz/UserFiles/VilagradWines/Image/Vilagrad Weddings/Generated/wedding_gallery_16_midsize.1a3.d]
[www.vilagradwines.co.nz/UserFiles/VilagradWines/Image/Vilagrad Weddings/Generated/Navy shot nrs_thumb.jpg]
[www.vilagradwines.co.nz/UserFiles/VilagradWines/Image/Vilagrad Weddings/Generated/b and w cheers_midsize.1a4.delay]
[www.vilagradwines.co.nz/UserFiles/VilagradWines/Image/Vilagrad Weddings/Generated/Piete w-pork_thumb.jpg]
[www.vilagradwines.co.nz/media/weddings-gallery/index.html]
[www.vilagradwines.co.nz/UserFiles/VilagradWines/Image/Vilagrad Weddings/Generated/wedding_gallery_20_midsize.1a5.d]
[www.vilagradwines.co.nz/UserFiles/VilagradWines/Image/Vilagrad Weddings/Generated/wedding_gallery_23_midsize.1a6.d]
[www.vilagradwines.co.nz/UserFiles/VilagradWines/Image/Vilagrad Weddings/Generated/wedding_gallery_28_midsize.1a7.d]
[www.vilagradwines.co.nz/UserFiles/VilagradWines/Image/Vilagrad Weddings/Generated/wedding_gallery_26_midsize.1a8.d]
[www.vilagradwines.co.nz/UserFiles/VilagradWines/Image/Vilagrad Weddings/Generated/wedding_gallery_27_midsize.1a9.d]
[www.vilagradwines.co.nz/UserFiles/VilagradWines/NivoSlider/190/accomodationbanner_1.jpg]
[www.vilagradwines.co.nz/media/accommodation-gallery/index.html]
[www.vilagradwines.co.nz/UserFiles/VilagradWines/Image/Vilagrad Weddings/Generated/Bridal table _midsize.1aa.delaye]
[www.vilagradwines.co.nz/UserFiles/VilagradWines/Image/Vilagrad Weddings/Generated/wedding_gallery_29_midsize.1ab.d]
[www.vilagradwines.co.nz/UserFiles/VilagradWines/Image/Vilagrad Weddings/Generated/resized for web_midsize.1ac.dela]
[www.vilagradwines.co.nz/UserFiles/VilagradWines/Image/Vilagrad Weddings/Generated/wedding_gallery_31_midsize.1ad.d]
[www.vilagradwines.co.nz/media/winery-and-vineyard/index.html]
[www.vilagradwines.co.nz/media/barrel-room-gallery/index.html]
[www.vilagradwines.co.nz/media/harvest-festival-gallery/index.html]
[www.vilagradwines.co.nz/weddings/wedding-enquiry-form/index.html]
[www.vilagradwines.co.nz/accommodation/accommodation-enquiry/index.html]
[www.vilagradwines.co.nz/bookings/book-a-mid-winter-christmas-party/index.html]
[www.vilagradwines.co.nz/bookings/book-tour-tasting/index.html]
[www.vilagradwines.co.nz/bookings/book-a-corporate-function/index.html]
[www.vilagradwines.co.nz/bookings/book-our-live-entertainment/index.html]
[www.vilagradwines.co.nz/bookings/book-christmas-day-lunch/index.html]
[www.vilagradwines.co.nz/functions/barrel-room/index.html]
[www.vilagradwines.co.nz/functions/conferences-and-privates-functions/index.html]
[www.vilagradwines.co.nz/functions/christmas-day-lunch/index.html]
[www.vilagradwines.co.nz/functions/live-entertainment/index.html]
[www.vilagradwines.co.nz/accommodation/the-deluxe-champagne-suite/index.html]
[www.vilagradwines.co.nz/accommodation/the-master-suite/index.html]
[www.vilagradwines.co.nz/accommodation/the-vilagrad-apartment/index.html]
[www.vilagradwines.co.nz/accommodation/the-vilagrad-house/index.html]
[www.vilagradwines.co.nz/UserFiles/VilagradWines/File/Vilagrad Media Kit.zip]
